// Jest Snapshot v1, https://goo.gl/fbAQLP

exports[`RouteUtils api should be correct 1`] = `
Object {
  "constructUrl": [Function],
  "parseUrl": [Function],
}
`;
